// Vitest Snapshot v1, https://vitest.dev/guide/snapshot.html

exports[`snapshot > the expressions, as data 1`] = `
{
  "emergencyFilter": [
    "==",
    [
      "get",
      "emergency",
    ],
    true,
  ],
  "emergencyRadius": [
    "interpolate",
    [
      "linear",
    ],
    [
      "zoom",
    ],
    8,
    19,
    16,
    27,
  ],
  "iconColor": [
    "match",
    [
      "get",
      "trust",
    ],
    "authenticated",
    "#11591c",
    "provider",
    "#1184e1",
    "surveillance",
    "#5112a4",
    "broadcast",
    "#cb7e09",
    "sensor",
    "#109c8d",
    "simulated",
    "#4c4e55",
    "#cb7e09",
  ],
  "iconImage": [
    "match",
    [
      "get",
      "trust",
    ],
    "authenticated",
    [
      "case",
      [
        "==",
        [
          "get",
          "trackDeg",
        ],
        null,
      ],
      "us-manned-authenticated",
      "us-manned-authenticated-dir",
    ],
    "provider",
    [
      "case",
      [
        "==",
        [
          "get",
          "trackDeg",
        ],
        null,
      ],
      "us-manned-provider",
      "us-manned-provider-dir",
    ],
    "surveillance",
    [
      "case",
      [
        "==",
        [
          "get",
          "trackDeg",
        ],
        null,
      ],
      "us-manned-surveillance",
      "us-manned-surveillance-dir",
    ],
    "broadcast",
    [
      "case",
      [
        "==",
        [
          "get",
          "trackDeg",
        ],
        null,
      ],
      "us-manned-broadcast",
      "us-manned-broadcast-dir",
    ],
    "sensor",
    [
      "case",
      [
        "==",
        [
          "get",
          "trackDeg",
        ],
        null,
      ],
      "us-manned-sensor",
      "us-manned-sensor-dir",
    ],
    "simulated",
    [
      "case",
      [
        "==",
        [
          "get",
          "trackDeg",
        ],
        null,
      ],
      "us-manned-simulated",
      "us-manned-simulated-dir",
    ],
    [
      "case",
      [
        "==",
        [
          "get",
          "trackDeg",
        ],
        null,
      ],
      "us-manned-broadcast",
      "us-manned-broadcast-dir",
    ],
  ],
  "iconOpacity": [
    "match",
    [
      "get",
      "age",
    ],
    "live",
    1,
    "aging",
    0.7,
    "stale",
    0.35,
    "unknown",
    1,
    1,
  ],
  "iconRotate": [
    "coalesce",
    [
      "get",
      "trackDeg",
    ],
    0,
  ],
  "iconSize": [
    "interpolate",
    [
      "linear",
    ],
    [
      "zoom",
    ],
    8,
    0.85,
    16,
    1.3,
  ],
  "ringRadius": [
    "interpolate",
    [
      "linear",
    ],
    [
      "zoom",
    ],
    8,
    15,
    16,
    23,
  ],
  "selectedFilter": [
    "==",
    [
      "get",
      "selected",
    ],
    true,
  ],
  "textSize": [
    "interpolate",
    [
      "linear",
    ],
    [
      "zoom",
    ],
    8,
    10,
    16,
    13,
  ],
}
`;
