// Vitest Snapshot v1, https://vitest.dev/guide/snapshot.html

exports[`trackStyle > matches the reviewed expressions (legend-change on a diff) 1`] = `
{
  "emergencyFilter": [
    "all",
    [
      "==",
      [
        "geometry-type",
      ],
      "Point",
    ],
    [
      "==",
      [
        "get",
        "emergency",
      ],
      true,
    ],
  ],
  "emergencyRadius": [
    "interpolate",
    [
      "linear",
    ],
    [
      "zoom",
    ],
    8,
    16,
    16,
    23,
  ],
  "iconColor": [
    "match",
    [
      "get",
      "ident",
    ],
    "registered",
    "#257051",
    "suspended",
    "#c47b08",
    "unknown_operator",
    "#ac0202",
    "unidentified",
    "#222124",
    "none",
    "#848b8b",
    "#848b8b",
  ],
  "iconImage": [
    "match",
    [
      "get",
      "trust",
    ],
    "authenticated",
    [
      "case",
      [
        "==",
        [
          "get",
          "trackDeg",
        ],
        null,
      ],
      "us-track-authenticated",
      "us-track-authenticated-dir",
    ],
    "provider",
    [
      "case",
      [
        "==",
        [
          "get",
          "trackDeg",
        ],
        null,
      ],
      "us-track-provider",
      "us-track-provider-dir",
    ],
    "surveillance",
    [
      "case",
      [
        "==",
        [
          "get",
          "trackDeg",
        ],
        null,
      ],
      "us-track-surveillance",
      "us-track-surveillance-dir",
    ],
    "broadcast",
    [
      "case",
      [
        "==",
        [
          "get",
          "trackDeg",
        ],
        null,
      ],
      "us-track-broadcast",
      "us-track-broadcast-dir",
    ],
    "sensor",
    [
      "case",
      [
        "==",
        [
          "get",
          "trackDeg",
        ],
        null,
      ],
      "us-track-sensor",
      "us-track-sensor-dir",
    ],
    "simulated",
    [
      "case",
      [
        "==",
        [
          "get",
          "trackDeg",
        ],
        null,
      ],
      "us-track-simulated",
      "us-track-simulated-dir",
    ],
    [
      "case",
      [
        "==",
        [
          "get",
          "trackDeg",
        ],
        null,
      ],
      "us-track-broadcast",
      "us-track-broadcast-dir",
    ],
  ],
  "iconOpacity": [
    "match",
    [
      "get",
      "age",
    ],
    "live",
    1,
    "aging",
    0.7,
    "stale",
    0.35,
    "unknown",
    1,
    1,
  ],
  "iconRotate": [
    "coalesce",
    [
      "get",
      "trackDeg",
    ],
    0,
  ],
  "iconSize": [
    "interpolate",
    [
      "linear",
    ],
    [
      "zoom",
    ],
    8,
    0.7,
    16,
    1.1,
  ],
  "markFilter": [
    "all",
    [
      "==",
      [
        "geometry-type",
      ],
      "Point",
    ],
    [
      "!=",
      [
        "get",
        "mark",
      ],
      "",
    ],
  ],
  "pointFilter": [
    "==",
    [
      "geometry-type",
    ],
    "Point",
  ],
  "ringRadius": [
    "interpolate",
    [
      "linear",
    ],
    [
      "zoom",
    ],
    8,
    12,
    16,
    19,
  ],
  "selectedFilter": [
    "all",
    [
      "==",
      [
        "geometry-type",
      ],
      "Point",
    ],
    [
      "==",
      [
        "get",
        "selected",
      ],
      true,
    ],
  ],
  "textSize": [
    "interpolate",
    [
      "linear",
    ],
    [
      "zoom",
    ],
    8,
    10,
    16,
    13,
  ],
  "trailColor": [
    "match",
    [
      "get",
      "ident",
    ],
    "registered",
    "#257051",
    "suspended",
    "#c47b08",
    "unknown_operator",
    "#ac0202",
    "unidentified",
    "#222124",
    "none",
    "#848b8b",
    "#848b8b",
  ],
  "trailFilter": [
    "==",
    [
      "geometry-type",
    ],
    "LineString",
  ],
  "trailOpacity": [
    "*",
    0.6,
    [
      "match",
      [
        "get",
        "age",
      ],
      "live",
      1,
      "aging",
      0.7,
      "stale",
      0.35,
      "unknown",
      1,
      1,
    ],
  ],
}
`;
