// Vitest Snapshot v1, https://vitest.dev/guide/snapshot.html

exports[`zoneStyle > matches the reviewed expressions (legend-change on a diff) 1`] = `
{
  "fillColor": [
    "match",
    [
      "get",
      "type",
    ],
    "PROHIBITED",
    "#861325",
    "REQ_AUTHORIZATION",
    "#ab4303",
    "CONDITIONAL",
    "#b18a01",
    "NO_RESTRICTION",
    "#2d805c",
    "USPACE",
    "#0d67cf",
    "#861325",
  ],
  "fillOpacity": [
    "*",
    [
      "match",
      [
        "get",
        "type",
      ],
      "PROHIBITED",
      0.3,
      "REQ_AUTHORIZATION",
      0.1,
      "CONDITIONAL",
      0.08,
      "NO_RESTRICTION",
      0,
      "USPACE",
      0,
      0,
    ],
    [
      "case",
      [
        "==",
        [
          "get",
          "applies",
        ],
        false,
      ],
      0.35,
      [
        "in",
        [
          "coalesce",
          [
            "get",
            "restrictionState",
          ],
          "",
        ],
        [
          "literal",
          [
            "planned",
            "ended",
            "cancelled",
          ],
        ],
      ],
      0.35,
      1,
    ],
  ],
  "fillPattern": [
    "match",
    [
      "get",
      "type",
    ],
    "PROHIBITED",
    "",
    "REQ_AUTHORIZATION",
    "us-zone-pattern-REQ_AUTHORIZATION",
    "CONDITIONAL",
    "us-zone-pattern-CONDITIONAL",
    "NO_RESTRICTION",
    "",
    "USPACE",
    "",
    "",
  ],
  "lineColor": [
    "match",
    [
      "get",
      "type",
    ],
    "PROHIBITED",
    "#861325",
    "REQ_AUTHORIZATION",
    "#ab4303",
    "CONDITIONAL",
    "#b18a01",
    "NO_RESTRICTION",
    "#2d805c",
    "USPACE",
    "#0d67cf",
    "#861325",
  ],
  "lineOpacity": [
    "case",
    [
      "==",
      [
        "get",
        "applies",
      ],
      false,
    ],
    0.35,
    [
      "in",
      [
        "coalesce",
        [
          "get",
          "restrictionState",
        ],
        "",
      ],
      [
        "literal",
        [
          "planned",
          "ended",
          "cancelled",
        ],
      ],
    ],
    0.35,
    1,
  ],
  "lineWidth": [
    "+",
    [
      "match",
      [
        "get",
        "type",
      ],
      "PROHIBITED",
      2.5,
      "REQ_AUTHORIZATION",
      2,
      "CONDITIONAL",
      2,
      "NO_RESTRICTION",
      1,
      "USPACE",
      3,
      1,
    ],
    [
      "case",
      [
        "==",
        [
          "get",
          "selected",
        ],
        true,
      ],
      2,
      0,
    ],
  ],
  "patternFilter": [
    "in",
    [
      "get",
      "type",
    ],
    [
      "literal",
      [
        "REQ_AUTHORIZATION",
        "CONDITIONAL",
      ],
    ],
  ],
  "patternOpacity": [
    "case",
    [
      "==",
      [
        "get",
        "applies",
      ],
      false,
    ],
    0.35,
    [
      "in",
      [
        "coalesce",
        [
          "get",
          "restrictionState",
        ],
        "",
      ],
      [
        "literal",
        [
          "planned",
          "ended",
          "cancelled",
        ],
      ],
    ],
    0.35,
    1,
  ],
}
`;
